[ModelDataStructure]
0=blkStateChange
120=zCCacheNeedsReset
19=derivCacheNeedsReset
[Parameter]
0=send_receive_1_sm_model/OpCCode_do_not_touch/S-Function1|Value|0|Scalar|0|1|1|0.0|Constant|
1=send_receive_1_sm_model/OpCCode_do_not_touch/S-Function|X0|0|Scalar|0|1|1|0.0|Memory|
10=send_receive_1_sm_model/sm_model/Pulse Generator1|PhaseDelay|0|Scalar|0|1|1|0.0|DiscretePulseGenerator|
100=send_receive_1_sm_model/sm_model/OpIPSocketCtrl1|P22Size| |RVector|0|1|2|0.0|0.0|S-Function sfun_gen_async_ctrl|
101=send_receive_1_sm_model/sm_model/OpIPSocketCtrl1|P23Size| |RVector|0|1|2|0.0|0.0|S-Function sfun_gen_async_ctrl|
102=send_receive_1_sm_model/sm_model/OpIPSocketCtrl1|P24Size| |RVector|0|1|2|0.0|0.0|S-Function sfun_gen_async_ctrl|
103=send_receive_1_sm_model/sm_model/OpIPSocketCtrl1|P25Size| |RVector|0|1|2|0.0|0.0|S-Function sfun_gen_async_ctrl|
104=send_receive_1_sm_model/sm_model/OpIPSocketCtrl1|P26Size| |RVector|0|1|2|1.0|7.0|S-Function sfun_gen_async_ctrl|
105=send_receive_1_sm_model/sm_model/OpIPSocketCtrl1|P26| |RVector|0|1|7|65.0|115.0|121.0|110.0|99.0|73.0|80.0|S-Function sfun_gen_async_ctrl|
106=send_receive_1_sm_model/sm_model/OpIPSocketCtrl1|P27Size| |RVector|0|1|2|1.0|1.0|S-Function sfun_gen_async_ctrl|
107=send_receive_1_sm_model/sm_model/OpIPSocketCtrl1|P27|0|Scalar|0|1|1|0.0|S-Function sfun_gen_async_ctrl|
11=send_receive_1_sm_model/sm_model/send message 1/S-Function2|P1Size| |RVector|0|1|2|1.0|1.0|S-Function sfun_send_async|
12=send_receive_1_sm_model/sm_model/send message 1/S-Function2|P1|ctl_id|Scalar|0|1|1|1.0|S-Function sfun_send_async|
13=send_receive_1_sm_model/sm_model/send message 1/S-Function2|P2Size| |RVector|0|1|2|1.0|1.0|S-Function sfun_send_async|
14=send_receive_1_sm_model/sm_model/send message 1/S-Function2|P2|send_id|Scalar|0|1|1|1.0|S-Function sfun_send_async|
15=send_receive_1_sm_model/sm_model/send message 1/S-Function2|P3Size| |RVector|0|1|2|1.0|1.0|S-Function sfun_send_async|
16=send_receive_1_sm_model/sm_model/send message 1/S-Function2|P3|mode|Scalar|0|1|1|3.0|S-Function sfun_send_async|
17=send_receive_1_sm_model/sm_model/send message 1/S-Function2|P4Size| |RVector|0|1|2|1.0|1.0|S-Function sfun_send_async|
18=send_receive_1_sm_model/sm_model/send message 1/S-Function2|P4|fp1|Scalar|0|1|1|1.0|S-Function sfun_send_async|
19=send_receive_1_sm_model/sm_model/send message 1/S-Function2|P5Size| |RVector|0|1|2|1.0|1.0|S-Function sfun_send_async|
2=send_receive_1_sm_model/sm_model/data ready 2 kHz|Amplitude|1|Scalar|0|1|1|1.0|DiscretePulseGenerator|
20=send_receive_1_sm_model/sm_model/send message 1/S-Function2|P5|fp2|Scalar|0|1|1|2.0|S-Function sfun_send_async|
21=send_receive_1_sm_model/sm_model/send message 1/S-Function2|P6Size| |RVector|0|1|2|1.0|1.0|S-Function sfun_send_async|
22=send_receive_1_sm_model/sm_model/send message 1/S-Function2|P6|fp3|Scalar|0|1|1|3.0|S-Function sfun_send_async|
23=send_receive_1_sm_model/sm_model/send message 1/S-Function2|P7Size| |RVector|0|1|2|1.0|1.0|S-Function sfun_send_async|
24=send_receive_1_sm_model/sm_model/send message 1/S-Function2|P7|fp4|Scalar|0|1|1|4.0|S-Function sfun_send_async|
25=send_receive_1_sm_model/sm_model/send message 1/S-Function2|P8Size| |RVector|0|1|2|1.0|1.0|S-Function sfun_send_async|
26=send_receive_1_sm_model/sm_model/send message 1/S-Function2|P8|fp5|Scalar|0|1|1|5.0|S-Function sfun_send_async|
27=send_receive_1_sm_model/sm_model/send message 1/S-Function2|P9Size| |RVector|0|1|2|1.0|7.0|S-Function sfun_send_async|
28=send_receive_1_sm_model/sm_model/send message 1/S-Function2|P9| |RVector|0|1|7|115.0|116.0|114.0|105.0|110.0|103.0|49.0|S-Function sfun_send_async|
29=send_receive_1_sm_model/sm_model/send message 1/S-Function2|P10Size| |RVector|0|1|2|1.0|7.0|S-Function sfun_send_async|
3=send_receive_1_sm_model/sm_model/data ready 2 kHz|Period|10|Scalar|0|1|1|10.0|DiscretePulseGenerator|
30=send_receive_1_sm_model/sm_model/send message 1/S-Function2|P10| |RVector|0|1|7|115.0|116.0|114.0|105.0|110.0|103.0|50.0|S-Function sfun_send_async|
31=send_receive_1_sm_model/sm_model/send message 1/S-Function2|P11Size| |RVector|0|1|2|1.0|7.0|S-Function sfun_send_async|
32=send_receive_1_sm_model/sm_model/send message 1/S-Function2|P11| |RVector|0|1|7|115.0|116.0|114.0|105.0|110.0|103.0|51.0|S-Function sfun_send_async|
33=send_receive_1_sm_model/sm_model/send message 1/S-Function2|P12Size| |RVector|0|1|2|1.0|7.0|S-Function sfun_send_async|
34=send_receive_1_sm_model/sm_model/send message 1/S-Function2|P12| |RVector|0|1|7|115.0|116.0|114.0|105.0|110.0|103.0|52.0|S-Function sfun_send_async|
35=send_receive_1_sm_model/sm_model/send message 1/S-Function2|P13Size| |RVector|0|1|2|1.0|7.0|S-Function sfun_send_async|
36=send_receive_1_sm_model/sm_model/send message 1/S-Function2|P13| |RVector|0|1|7|115.0|116.0|114.0|105.0|110.0|103.0|53.0|S-Function sfun_send_async|
37=send_receive_1_sm_model/sm_model/timeout|Value|2|Scalar|0|1|1|2.0|Constant|
38=send_receive_1_sm_model/sm_model/receive message 1/S-Function1|P1Size| |RVector|0|1|2|1.0|1.0|S-Function sfun_recv_async|
39=send_receive_1_sm_model/sm_model/receive message 1/S-Function1|P1|ctl_id|Scalar|0|1|1|1.0|S-Function sfun_recv_async|
4=send_receive_1_sm_model/sm_model/data ready 2 kHz|PulseWidth|1|Scalar|0|1|1|1.0|DiscretePulseGenerator|
40=send_receive_1_sm_model/sm_model/receive message 1/S-Function1|P2Size| |RVector|0|1|2|1.0|1.0|S-Function sfun_recv_async|
41=send_receive_1_sm_model/sm_model/receive message 1/S-Function1|P2|recv_id|Scalar|0|1|1|1.0|S-Function sfun_recv_async|
42=send_receive_1_sm_model/sm_model/receive message 1/S-Function1|P3Size| |RVector|0|1|2|1.0|1.0|S-Function sfun_recv_async|
43=send_receive_1_sm_model/sm_model/receive message 1/S-Function1|P3|fp1|Scalar|0|1|1|1.0|S-Function sfun_recv_async|
44=send_receive_1_sm_model/sm_model/receive message 1/S-Function1|P4Size| |RVector|0|1|2|1.0|1.0|S-Function sfun_recv_async|
45=send_receive_1_sm_model/sm_model/receive message 1/S-Function1|P4|fp2|Scalar|0|1|1|2.0|S-Function sfun_recv_async|
46=send_receive_1_sm_model/sm_model/receive message 1/S-Function1|P5Size| |RVector|0|1|2|1.0|1.0|S-Function sfun_recv_async|
47=send_receive_1_sm_model/sm_model/receive message 1/S-Function1|P5|fp3|Scalar|0|1|1|3.0|S-Function sfun_recv_async|
48=send_receive_1_sm_model/sm_model/receive message 1/S-Function1|P6Size| |RVector|0|1|2|1.0|1.0|S-Function sfun_recv_async|
49=send_receive_1_sm_model/sm_model/receive message 1/S-Function1|P6|fp4|Scalar|0|1|1|4.0|S-Function sfun_recv_async|
5=send_receive_1_sm_model/sm_model/data ready 2 kHz|PhaseDelay|0|Scalar|0|1|1|0.0|DiscretePulseGenerator|
50=send_receive_1_sm_model/sm_model/receive message 1/S-Function1|P7Size| |RVector|0|1|2|1.0|1.0|S-Function sfun_recv_async|
51=send_receive_1_sm_model/sm_model/receive message 1/S-Function1|P7|fp5|Scalar|0|1|1|5.0|S-Function sfun_recv_async|
52=send_receive_1_sm_model/sm_model/receive message 1/S-Function1|P8Size| |RVector|0|1|2|1.0|7.0|S-Function sfun_recv_async|
53=send_receive_1_sm_model/sm_model/receive message 1/S-Function1|P8| |RVector|0|1|7|115.0|116.0|114.0|105.0|110.0|103.0|49.0|S-Function sfun_recv_async|
54=send_receive_1_sm_model/sm_model/receive message 1/S-Function1|P9Size| |RVector|0|1|2|1.0|7.0|S-Function sfun_recv_async|
55=send_receive_1_sm_model/sm_model/receive message 1/S-Function1|P9| |RVector|0|1|7|115.0|116.0|114.0|105.0|110.0|103.0|50.0|S-Function sfun_recv_async|
56=send_receive_1_sm_model/sm_model/receive message 1/S-Function1|P10Size| |RVector|0|1|2|1.0|7.0|S-Function sfun_recv_async|
57=send_receive_1_sm_model/sm_model/receive message 1/S-Function1|P10| |RVector|0|1|7|115.0|116.0|114.0|105.0|110.0|103.0|51.0|S-Function sfun_recv_async|
58=send_receive_1_sm_model/sm_model/receive message 1/S-Function1|P11Size| |RVector|0|1|2|1.0|7.0|S-Function sfun_recv_async|
59=send_receive_1_sm_model/sm_model/receive message 1/S-Function1|P11| |RVector|0|1|7|115.0|116.0|114.0|105.0|110.0|103.0|52.0|S-Function sfun_recv_async|
6=send_receive_1_sm_model/sm_model/Constant|Value|[1 2 3 4]|RVector|0|1|4|1.0|2.0|3.0|4.0|Constant|
60=send_receive_1_sm_model/sm_model/receive message 1/S-Function1|P12Size| |RVector|0|1|2|1.0|7.0|S-Function sfun_recv_async|
61=send_receive_1_sm_model/sm_model/receive message 1/S-Function1|P12| |RVector|0|1|7|115.0|116.0|114.0|105.0|110.0|103.0|53.0|S-Function sfun_recv_async|
62=send_receive_1_sm_model/sm_model/rtlab_send_subsystem/Subsystem1/Send1/S-Function|P1Size| |RVector|0|1|2|1.0|1.0|S-Function OP_SEND|
63=send_receive_1_sm_model/sm_model/rtlab_send_subsystem/Subsystem1/Send1/S-Function|P1|Acqu_group|Scalar|0|1|1|1.0|S-Function OP_SEND|
64=send_receive_1_sm_model/sm_model/OpIPSocketCtrl1|P1Size| |RVector|0|1|2|1.0|1.0|S-Function sfun_gen_async_ctrl|
65=send_receive_1_sm_model/sm_model/OpIPSocketCtrl1|P1|ctl_id|Scalar|0|1|1|1.0|S-Function sfun_gen_async_ctrl|
66=send_receive_1_sm_model/sm_model/OpIPSocketCtrl1|P2Size| |RVector|0|1|2|1.0|1.0|S-Function sfun_gen_async_ctrl|
67=send_receive_1_sm_model/sm_model/OpIPSocketCtrl1|P2|proto|Scalar|0|1|1|1.0|S-Function sfun_gen_async_ctrl|
68=send_receive_1_sm_model/sm_model/OpIPSocketCtrl1|P3Size| |RVector|0|1|2|1.0|1.0|S-Function sfun_gen_async_ctrl|
69=send_receive_1_sm_model/sm_model/OpIPSocketCtrl1|P3|ip_port_remote|Scalar|0|1|1|12000.0|S-Function sfun_gen_async_ctrl|
7=send_receive_1_sm_model/sm_model/Pulse Generator1|Amplitude|5|Scalar|0|1|1|5.0|DiscretePulseGenerator|
70=send_receive_1_sm_model/sm_model/OpIPSocketCtrl1|P4Size| |RVector|0|1|2|1.0|1.0|S-Function sfun_gen_async_ctrl|
71=send_receive_1_sm_model/sm_model/OpIPSocketCtrl1|P4|ip_port_local|Scalar|0|1|1|12001.0|S-Function sfun_gen_async_ctrl|
72=send_receive_1_sm_model/sm_model/OpIPSocketCtrl1|P5Size| |RVector|0|1|2|1.0|1.0|S-Function sfun_gen_async_ctrl|
73=send_receive_1_sm_model/sm_model/OpIPSocketCtrl1|P5|0|Scalar|0|1|1|0.0|S-Function sfun_gen_async_ctrl|
74=send_receive_1_sm_model/sm_model/OpIPSocketCtrl1|P6Size| |RVector|0|1|2|1.0|1.0|S-Function sfun_gen_async_ctrl|
75=send_receive_1_sm_model/sm_model/OpIPSocketCtrl1|P6|0|Scalar|0|1|1|0.0|S-Function sfun_gen_async_ctrl|
76=send_receive_1_sm_model/sm_model/OpIPSocketCtrl1|P7Size| |RVector|0|1|2|1.0|1.0|S-Function sfun_gen_async_ctrl|
77=send_receive_1_sm_model/sm_model/OpIPSocketCtrl1|P7|0|Scalar|0|1|1|0.0|S-Function sfun_gen_async_ctrl|
78=send_receive_1_sm_model/sm_model/OpIPSocketCtrl1|P8Size| |RVector|0|1|2|1.0|1.0|S-Function sfun_gen_async_ctrl|
79=send_receive_1_sm_model/sm_model/OpIPSocketCtrl1|P8|0|Scalar|0|1|1|0.0|S-Function sfun_gen_async_ctrl|
8=send_receive_1_sm_model/sm_model/Pulse Generator1|Period| |Scalar|0|1|1|2000.0|DiscretePulseGenerator|
80=send_receive_1_sm_model/sm_model/OpIPSocketCtrl1|P9Size| |RVector|0|1|2|1.0|1.0|S-Function sfun_gen_async_ctrl|
81=send_receive_1_sm_model/sm_model/OpIPSocketCtrl1|P9|0|Scalar|0|1|1|0.0|S-Function sfun_gen_async_ctrl|
82=send_receive_1_sm_model/sm_model/OpIPSocketCtrl1|P10Size| |RVector|0|1|2|1.0|1.0|S-Function sfun_gen_async_ctrl|
83=send_receive_1_sm_model/sm_model/OpIPSocketCtrl1|P10|0|Scalar|0|1|1|0.0|S-Function sfun_gen_async_ctrl|
84=send_receive_1_sm_model/sm_model/OpIPSocketCtrl1|P11Size| |RVector|0|1|2|1.0|1.0|S-Function sfun_gen_async_ctrl|
85=send_receive_1_sm_model/sm_model/OpIPSocketCtrl1|P11|0|Scalar|0|1|1|0.0|S-Function sfun_gen_async_ctrl|
86=send_receive_1_sm_model/sm_model/OpIPSocketCtrl1|P12Size| |RVector|0|1|2|1.0|1.0|S-Function sfun_gen_async_ctrl|
87=send_receive_1_sm_model/sm_model/OpIPSocketCtrl1|P12|0|Scalar|0|1|1|0.0|S-Function sfun_gen_async_ctrl|
88=send_receive_1_sm_model/sm_model/OpIPSocketCtrl1|P13Size| |RVector|0|1|2|1.0|1.0|S-Function sfun_gen_async_ctrl|
89=send_receive_1_sm_model/sm_model/OpIPSocketCtrl1|P13|0|Scalar|0|1|1|0.0|S-Function sfun_gen_async_ctrl|
9=send_receive_1_sm_model/sm_model/Pulse Generator1|PulseWidth| |Scalar|0|1|1|600.0|DiscretePulseGenerator|
90=send_receive_1_sm_model/sm_model/OpIPSocketCtrl1|P14Size| |RVector|0|1|2|1.0|14.0|S-Function sfun_gen_async_ctrl|
91=send_receive_1_sm_model/sm_model/OpIPSocketCtrl1|P14| |RVector|0|1|14|49.0|51.0|52.0|46.0|49.0|51.0|48.0|46.0|49.0|54.0|57.0|46.0|51.0|49.0|S-Function sfun_gen_async_ctrl|
92=send_receive_1_sm_model/sm_model/OpIPSocketCtrl1|P15Size| |RVector|0|1|2|1.0|7.0|S-Function sfun_gen_async_ctrl|
93=send_receive_1_sm_model/sm_model/OpIPSocketCtrl1|P15| |RVector|0|1|7|48.0|46.0|48.0|46.0|48.0|46.0|48.0|S-Function sfun_gen_async_ctrl|
94=send_receive_1_sm_model/sm_model/OpIPSocketCtrl1|P16Size| |RVector|0|1|2|0.0|0.0|S-Function sfun_gen_async_ctrl|
95=send_receive_1_sm_model/sm_model/OpIPSocketCtrl1|P17Size| |RVector|0|1|2|0.0|0.0|S-Function sfun_gen_async_ctrl|
96=send_receive_1_sm_model/sm_model/OpIPSocketCtrl1|P18Size| |RVector|0|1|2|0.0|0.0|S-Function sfun_gen_async_ctrl|
97=send_receive_1_sm_model/sm_model/OpIPSocketCtrl1|P19Size| |RVector|0|1|2|0.0|0.0|S-Function sfun_gen_async_ctrl|
98=send_receive_1_sm_model/sm_model/OpIPSocketCtrl1|P20Size| |RVector|0|1|2|0.0|0.0|S-Function sfun_gen_async_ctrl|
99=send_receive_1_sm_model/sm_model/OpIPSocketCtrl1|P21Size| |RVector|0|1|2|0.0|0.0|S-Function sfun_gen_async_ctrl|
nbParameters=108
[Signal]
0=send_receive_1_sm_model/OpCCode_do_not_touch/S-Function|NULL|0|1|1|1|S|Memory|0|
1=send_receive_1_sm_model/OpCCode_do_not_touch/Sum|NULL|1|1|1|1|S|Sum|0|
2=send_receive_1_sm_model/sm_model/data ready 2 kHz|NULL|2|1|1|1|S|DiscretePulseGenerator|0|
3=send_receive_1_sm_model/sm_model/Pulse Generator1|NULL|3|1|1|1|S|DiscretePulseGenerator|0|
4=send_receive_1_sm_model/sm_model/send message 1/S-Function2|NULL|4|1|1|1|S|S-Function sfun_send_async|0|
5=send_receive_1_sm_model/sm_model/receive message 1/S-Function1|NULL|5|1|1|1|S|S-Function sfun_recv_async|0|
6=send_receive_1_sm_model/sm_model/receive message 1/S-Function1|NULL|6|1|1|1|S|S-Function sfun_recv_async|0|
7=send_receive_1_sm_model/sm_model/receive message 1/S-Function1|NULL|7|5|5|1|V|S-Function sfun_recv_async|0|
nbSignals=8
[TimingStructure]
108=tArray
122=timeOfLastOutput
24=tFinal
4=clockTick0
5=clockTickH0
61=offsetTimesArray
67=perTaskSampleHitsArray
83=sampleHitArray
87=sampleTimesArray
90=sampleTimeTaskIDArray
93=simTimeStep
95=tStart
96=stepSize
97=stepSize0
99=stopRequestedFlag
[dwork]
0=SFunction_PreviousInput|real_T|
4=clockTickCounter|int32_T|
5=clockTickCounter_h|int32_T|
6=SFunction_IWORK|IWORK|
