[Parameter]
0=asyncip_sl_1_sm_ip_test/OpCCode_do_not_touch/S-Function1|Value|0|Scalar|1|1|0.0|Constant|
1=asyncip_sl_1_sm_ip_test/OpCCode_do_not_touch/S-Function|X0|0|Scalar|1|1|0.0|Memory|
2=asyncip_sl_1_sm_ip_test/sm_ip_test/data ready 1 kHz|Amplitude|1|Scalar|1|1|1.0|DiscretePulseGenerator|
3=asyncip_sl_1_sm_ip_test/sm_ip_test/data ready 1 kHz|Period|2|Scalar|1|1|2.0|DiscretePulseGenerator|
4=asyncip_sl_1_sm_ip_test/sm_ip_test/data ready 1 kHz|PulseWidth|1|Scalar|1|1|1.0|DiscretePulseGenerator|
5=asyncip_sl_1_sm_ip_test/sm_ip_test/data ready 1 kHz|PhaseDelay|0|Scalar|1|1|0.0|DiscretePulseGenerator|
6=asyncip_sl_1_sm_ip_test/sm_ip_test/constants|Value|[1 2 3 4]|RVector|1|4|1.0|2.0|3.0|4.0|Constant|
7=asyncip_sl_1_sm_ip_test/sm_ip_test/Pulse Generator|Amplitude|5|Scalar|1|1|5.0|DiscretePulseGenerator|
8=asyncip_sl_1_sm_ip_test/sm_ip_test/Pulse Generator|Period| |Scalar|1|1|2000.0|DiscretePulseGenerator|
9=asyncip_sl_1_sm_ip_test/sm_ip_test/Pulse Generator|PulseWidth| |Scalar|1|1|600.0|DiscretePulseGenerator|
10=asyncip_sl_1_sm_ip_test/sm_ip_test/Pulse Generator|PhaseDelay|0|Scalar|1|1|0.0|DiscretePulseGenerator|
11=asyncip_sl_1_sm_ip_test/sm_ip_test/send message 1/S-Function2|P1Size| |RVector|1|2|1.0|1.0|S-Function sfun_send_async|
12=asyncip_sl_1_sm_ip_test/sm_ip_test/send message 1/S-Function2|P1|ctl_id|Scalar|1|1|1.0|S-Function sfun_send_async|
13=asyncip_sl_1_sm_ip_test/sm_ip_test/send message 1/S-Function2|P2Size| |RVector|1|2|1.0|1.0|S-Function sfun_send_async|
14=asyncip_sl_1_sm_ip_test/sm_ip_test/send message 1/S-Function2|P2|send_id|Scalar|1|1|1.0|S-Function sfun_send_async|
15=asyncip_sl_1_sm_ip_test/sm_ip_test/send message 1/S-Function2|P3Size| |RVector|1|2|1.0|1.0|S-Function sfun_send_async|
16=asyncip_sl_1_sm_ip_test/sm_ip_test/send message 1/S-Function2|P3|mode|Scalar|1|1|3.0|S-Function sfun_send_async|
17=asyncip_sl_1_sm_ip_test/sm_ip_test/send message 1/S-Function2|P4Size| |RVector|1|2|1.0|1.0|S-Function sfun_send_async|
18=asyncip_sl_1_sm_ip_test/sm_ip_test/send message 1/S-Function2|P4|fp1|Scalar|1|1|1.0|S-Function sfun_send_async|
19=asyncip_sl_1_sm_ip_test/sm_ip_test/send message 1/S-Function2|P5Size| |RVector|1|2|1.0|1.0|S-Function sfun_send_async|
20=asyncip_sl_1_sm_ip_test/sm_ip_test/send message 1/S-Function2|P5|fp2|Scalar|1|1|2.0|S-Function sfun_send_async|
21=asyncip_sl_1_sm_ip_test/sm_ip_test/send message 1/S-Function2|P6Size| |RVector|1|2|1.0|1.0|S-Function sfun_send_async|
22=asyncip_sl_1_sm_ip_test/sm_ip_test/send message 1/S-Function2|P6|fp3|Scalar|1|1|3.0|S-Function sfun_send_async|
23=asyncip_sl_1_sm_ip_test/sm_ip_test/send message 1/S-Function2|P7Size| |RVector|1|2|1.0|1.0|S-Function sfun_send_async|
24=asyncip_sl_1_sm_ip_test/sm_ip_test/send message 1/S-Function2|P7|fp4|Scalar|1|1|4.0|S-Function sfun_send_async|
25=asyncip_sl_1_sm_ip_test/sm_ip_test/send message 1/S-Function2|P8Size| |RVector|1|2|1.0|1.0|S-Function sfun_send_async|
26=asyncip_sl_1_sm_ip_test/sm_ip_test/send message 1/S-Function2|P8|fp5|Scalar|1|1|5.0|S-Function sfun_send_async|
27=asyncip_sl_1_sm_ip_test/sm_ip_test/send message 1/S-Function2|P9Size| |RVector|1|2|1.0|7.0|S-Function sfun_send_async|
28=asyncip_sl_1_sm_ip_test/sm_ip_test/send message 1/S-Function2|P9| |RVector|1|7|115.0|116.0|114.0|105.0|110.0|103.0|49.0|S-Function sfun_send_async|
29=asyncip_sl_1_sm_ip_test/sm_ip_test/send message 1/S-Function2|P10Size| |RVector|1|2|1.0|7.0|S-Function sfun_send_async|
30=asyncip_sl_1_sm_ip_test/sm_ip_test/send message 1/S-Function2|P10| |RVector|1|7|115.0|116.0|114.0|105.0|110.0|103.0|50.0|S-Function sfun_send_async|
31=asyncip_sl_1_sm_ip_test/sm_ip_test/send message 1/S-Function2|P11Size| |RVector|1|2|1.0|7.0|S-Function sfun_send_async|
32=asyncip_sl_1_sm_ip_test/sm_ip_test/send message 1/S-Function2|P11| |RVector|1|7|115.0|116.0|114.0|105.0|110.0|103.0|51.0|S-Function sfun_send_async|
33=asyncip_sl_1_sm_ip_test/sm_ip_test/send message 1/S-Function2|P12Size| |RVector|1|2|1.0|7.0|S-Function sfun_send_async|
34=asyncip_sl_1_sm_ip_test/sm_ip_test/send message 1/S-Function2|P12| |RVector|1|7|115.0|116.0|114.0|105.0|110.0|103.0|52.0|S-Function sfun_send_async|
35=asyncip_sl_1_sm_ip_test/sm_ip_test/send message 1/S-Function2|P13Size| |RVector|1|2|1.0|7.0|S-Function sfun_send_async|
36=asyncip_sl_1_sm_ip_test/sm_ip_test/send message 1/S-Function2|P13| |RVector|1|7|115.0|116.0|114.0|105.0|110.0|103.0|53.0|S-Function sfun_send_async|
37=asyncip_sl_1_sm_ip_test/sm_ip_test/timeout|Value|2|Scalar|1|1|2.0|Constant|
38=asyncip_sl_1_sm_ip_test/sm_ip_test/receive message 1/S-Function1|P1Size| |RVector|1|2|1.0|1.0|S-Function sfun_recv_async|
39=asyncip_sl_1_sm_ip_test/sm_ip_test/receive message 1/S-Function1|P1|ctl_id|Scalar|1|1|1.0|S-Function sfun_recv_async|
40=asyncip_sl_1_sm_ip_test/sm_ip_test/receive message 1/S-Function1|P2Size| |RVector|1|2|1.0|1.0|S-Function sfun_recv_async|
41=asyncip_sl_1_sm_ip_test/sm_ip_test/receive message 1/S-Function1|P2|recv_id|Scalar|1|1|1.0|S-Function sfun_recv_async|
42=asyncip_sl_1_sm_ip_test/sm_ip_test/receive message 1/S-Function1|P3Size| |RVector|1|2|1.0|1.0|S-Function sfun_recv_async|
43=asyncip_sl_1_sm_ip_test/sm_ip_test/receive message 1/S-Function1|P3|fp1|Scalar|1|1|1.0|S-Function sfun_recv_async|
44=asyncip_sl_1_sm_ip_test/sm_ip_test/receive message 1/S-Function1|P4Size| |RVector|1|2|1.0|1.0|S-Function sfun_recv_async|
45=asyncip_sl_1_sm_ip_test/sm_ip_test/receive message 1/S-Function1|P4|fp2|Scalar|1|1|2.0|S-Function sfun_recv_async|
46=asyncip_sl_1_sm_ip_test/sm_ip_test/receive message 1/S-Function1|P5Size| |RVector|1|2|1.0|1.0|S-Function sfun_recv_async|
47=asyncip_sl_1_sm_ip_test/sm_ip_test/receive message 1/S-Function1|P5|fp3|Scalar|1|1|3.0|S-Function sfun_recv_async|
48=asyncip_sl_1_sm_ip_test/sm_ip_test/receive message 1/S-Function1|P6Size| |RVector|1|2|1.0|1.0|S-Function sfun_recv_async|
49=asyncip_sl_1_sm_ip_test/sm_ip_test/receive message 1/S-Function1|P6|fp4|Scalar|1|1|4.0|S-Function sfun_recv_async|
50=asyncip_sl_1_sm_ip_test/sm_ip_test/receive message 1/S-Function1|P7Size| |RVector|1|2|1.0|1.0|S-Function sfun_recv_async|
51=asyncip_sl_1_sm_ip_test/sm_ip_test/receive message 1/S-Function1|P7|fp5|Scalar|1|1|5.0|S-Function sfun_recv_async|
52=asyncip_sl_1_sm_ip_test/sm_ip_test/receive message 1/S-Function1|P8Size| |RVector|1|2|1.0|7.0|S-Function sfun_recv_async|
53=asyncip_sl_1_sm_ip_test/sm_ip_test/receive message 1/S-Function1|P8| |RVector|1|7|115.0|116.0|114.0|105.0|110.0|103.0|49.0|S-Function sfun_recv_async|
54=asyncip_sl_1_sm_ip_test/sm_ip_test/receive message 1/S-Function1|P9Size| |RVector|1|2|1.0|7.0|S-Function sfun_recv_async|
55=asyncip_sl_1_sm_ip_test/sm_ip_test/receive message 1/S-Function1|P9| |RVector|1|7|115.0|116.0|114.0|105.0|110.0|103.0|50.0|S-Function sfun_recv_async|
56=asyncip_sl_1_sm_ip_test/sm_ip_test/receive message 1/S-Function1|P10Size| |RVector|1|2|1.0|7.0|S-Function sfun_recv_async|
57=asyncip_sl_1_sm_ip_test/sm_ip_test/receive message 1/S-Function1|P10| |RVector|1|7|115.0|116.0|114.0|105.0|110.0|103.0|51.0|S-Function sfun_recv_async|
58=asyncip_sl_1_sm_ip_test/sm_ip_test/receive message 1/S-Function1|P11Size| |RVector|1|2|1.0|7.0|S-Function sfun_recv_async|
59=asyncip_sl_1_sm_ip_test/sm_ip_test/receive message 1/S-Function1|P11| |RVector|1|7|115.0|116.0|114.0|105.0|110.0|103.0|52.0|S-Function sfun_recv_async|
60=asyncip_sl_1_sm_ip_test/sm_ip_test/receive message 1/S-Function1|P12Size| |RVector|1|2|1.0|7.0|S-Function sfun_recv_async|
61=asyncip_sl_1_sm_ip_test/sm_ip_test/receive message 1/S-Function1|P12| |RVector|1|7|115.0|116.0|114.0|105.0|110.0|103.0|53.0|S-Function sfun_recv_async|
62=asyncip_sl_1_sm_ip_test/sm_ip_test/rtlab_send_subsystem/Subsystem1/Send1/S-Function|P1Size| |RVector|1|2|1.0|1.0|S-Function OP_SEND|
63=asyncip_sl_1_sm_ip_test/sm_ip_test/rtlab_send_subsystem/Subsystem1/Send1/S-Function|P1|Acqu_group|Scalar|1|1|1.0|S-Function OP_SEND|
64=asyncip_sl_1_sm_ip_test/sm_ip_test/OpIPSocketCtrl1|P1Size| |RVector|1|2|1.0|1.0|S-Function sfun_gen_async_ctrl|
65=asyncip_sl_1_sm_ip_test/sm_ip_test/OpIPSocketCtrl1|P1|ctl_id|Scalar|1|1|1.0|S-Function sfun_gen_async_ctrl|
66=asyncip_sl_1_sm_ip_test/sm_ip_test/OpIPSocketCtrl1|P2Size| |RVector|1|2|1.0|1.0|S-Function sfun_gen_async_ctrl|
67=asyncip_sl_1_sm_ip_test/sm_ip_test/OpIPSocketCtrl1|P2|proto|Scalar|1|1|1.0|S-Function sfun_gen_async_ctrl|
68=asyncip_sl_1_sm_ip_test/sm_ip_test/OpIPSocketCtrl1|P3Size| |RVector|1|2|1.0|1.0|S-Function sfun_gen_async_ctrl|
69=asyncip_sl_1_sm_ip_test/sm_ip_test/OpIPSocketCtrl1|P3|ip_port_remote|Scalar|1|1|10200.0|S-Function sfun_gen_async_ctrl|
70=asyncip_sl_1_sm_ip_test/sm_ip_test/OpIPSocketCtrl1|P4Size| |RVector|1|2|1.0|1.0|S-Function sfun_gen_async_ctrl|
71=asyncip_sl_1_sm_ip_test/sm_ip_test/OpIPSocketCtrl1|P4|ip_port_local|Scalar|1|1|10201.0|S-Function sfun_gen_async_ctrl|
72=asyncip_sl_1_sm_ip_test/sm_ip_test/OpIPSocketCtrl1|P5Size| |RVector|1|2|1.0|1.0|S-Function sfun_gen_async_ctrl|
73=asyncip_sl_1_sm_ip_test/sm_ip_test/OpIPSocketCtrl1|P5|0|Scalar|1|1|0.0|S-Function sfun_gen_async_ctrl|
74=asyncip_sl_1_sm_ip_test/sm_ip_test/OpIPSocketCtrl1|P6Size| |RVector|1|2|1.0|1.0|S-Function sfun_gen_async_ctrl|
75=asyncip_sl_1_sm_ip_test/sm_ip_test/OpIPSocketCtrl1|P6|0|Scalar|1|1|0.0|S-Function sfun_gen_async_ctrl|
76=asyncip_sl_1_sm_ip_test/sm_ip_test/OpIPSocketCtrl1|P7Size| |RVector|1|2|1.0|1.0|S-Function sfun_gen_async_ctrl|
77=asyncip_sl_1_sm_ip_test/sm_ip_test/OpIPSocketCtrl1|P7|0|Scalar|1|1|0.0|S-Function sfun_gen_async_ctrl|
78=asyncip_sl_1_sm_ip_test/sm_ip_test/OpIPSocketCtrl1|P8Size| |RVector|1|2|1.0|1.0|S-Function sfun_gen_async_ctrl|
79=asyncip_sl_1_sm_ip_test/sm_ip_test/OpIPSocketCtrl1|P8|0|Scalar|1|1|0.0|S-Function sfun_gen_async_ctrl|
80=asyncip_sl_1_sm_ip_test/sm_ip_test/OpIPSocketCtrl1|P9Size| |RVector|1|2|1.0|1.0|S-Function sfun_gen_async_ctrl|
81=asyncip_sl_1_sm_ip_test/sm_ip_test/OpIPSocketCtrl1|P9|0|Scalar|1|1|0.0|S-Function sfun_gen_async_ctrl|
82=asyncip_sl_1_sm_ip_test/sm_ip_test/OpIPSocketCtrl1|P10Size| |RVector|1|2|1.0|1.0|S-Function sfun_gen_async_ctrl|
83=asyncip_sl_1_sm_ip_test/sm_ip_test/OpIPSocketCtrl1|P10|0|Scalar|1|1|0.0|S-Function sfun_gen_async_ctrl|
84=asyncip_sl_1_sm_ip_test/sm_ip_test/OpIPSocketCtrl1|P11Size| |RVector|1|2|1.0|1.0|S-Function sfun_gen_async_ctrl|
85=asyncip_sl_1_sm_ip_test/sm_ip_test/OpIPSocketCtrl1|P11|0|Scalar|1|1|0.0|S-Function sfun_gen_async_ctrl|
86=asyncip_sl_1_sm_ip_test/sm_ip_test/OpIPSocketCtrl1|P12Size| |RVector|1|2|1.0|1.0|S-Function sfun_gen_async_ctrl|
87=asyncip_sl_1_sm_ip_test/sm_ip_test/OpIPSocketCtrl1|P12|0|Scalar|1|1|0.0|S-Function sfun_gen_async_ctrl|
88=asyncip_sl_1_sm_ip_test/sm_ip_test/OpIPSocketCtrl1|P13Size| |RVector|1|2|1.0|1.0|S-Function sfun_gen_async_ctrl|
89=asyncip_sl_1_sm_ip_test/sm_ip_test/OpIPSocketCtrl1|P13|0|Scalar|1|1|0.0|S-Function sfun_gen_async_ctrl|
90=asyncip_sl_1_sm_ip_test/sm_ip_test/OpIPSocketCtrl1|P14Size| |RVector|1|2|1.0|14.0|S-Function sfun_gen_async_ctrl|
91=asyncip_sl_1_sm_ip_test/sm_ip_test/OpIPSocketCtrl1|P14| |RVector|1|14|49.0|51.0|55.0|46.0|50.0|50.0|54.0|46.0|49.0|54.0|48.0|46.0|57.0|49.0|S-Function sfun_gen_async_ctrl|
92=asyncip_sl_1_sm_ip_test/sm_ip_test/OpIPSocketCtrl1|P15Size| |RVector|1|2|1.0|7.0|S-Function sfun_gen_async_ctrl|
93=asyncip_sl_1_sm_ip_test/sm_ip_test/OpIPSocketCtrl1|P15| |RVector|1|7|48.0|46.0|48.0|46.0|48.0|46.0|48.0|S-Function sfun_gen_async_ctrl|
94=asyncip_sl_1_sm_ip_test/sm_ip_test/OpIPSocketCtrl1|P16Size| |RVector|1|2|0.0|0.0|S-Function sfun_gen_async_ctrl|
95=asyncip_sl_1_sm_ip_test/sm_ip_test/OpIPSocketCtrl1|P17Size| |RVector|1|2|0.0|0.0|S-Function sfun_gen_async_ctrl|
96=asyncip_sl_1_sm_ip_test/sm_ip_test/OpIPSocketCtrl1|P18Size| |RVector|1|2|0.0|0.0|S-Function sfun_gen_async_ctrl|
97=asyncip_sl_1_sm_ip_test/sm_ip_test/OpIPSocketCtrl1|P19Size| |RVector|1|2|0.0|0.0|S-Function sfun_gen_async_ctrl|
98=asyncip_sl_1_sm_ip_test/sm_ip_test/OpIPSocketCtrl1|P20Size| |RVector|1|2|0.0|0.0|S-Function sfun_gen_async_ctrl|
99=asyncip_sl_1_sm_ip_test/sm_ip_test/OpIPSocketCtrl1|P21Size| |RVector|1|2|0.0|0.0|S-Function sfun_gen_async_ctrl|
100=asyncip_sl_1_sm_ip_test/sm_ip_test/OpIPSocketCtrl1|P22Size| |RVector|1|2|0.0|0.0|S-Function sfun_gen_async_ctrl|
101=asyncip_sl_1_sm_ip_test/sm_ip_test/OpIPSocketCtrl1|P23Size| |RVector|1|2|0.0|0.0|S-Function sfun_gen_async_ctrl|
102=asyncip_sl_1_sm_ip_test/sm_ip_test/OpIPSocketCtrl1|P24Size| |RVector|1|2|0.0|0.0|S-Function sfun_gen_async_ctrl|
103=asyncip_sl_1_sm_ip_test/sm_ip_test/OpIPSocketCtrl1|P25Size| |RVector|1|2|0.0|0.0|S-Function sfun_gen_async_ctrl|
104=asyncip_sl_1_sm_ip_test/sm_ip_test/OpIPSocketCtrl1|P26Size| |RVector|1|2|1.0|7.0|S-Function sfun_gen_async_ctrl|
105=asyncip_sl_1_sm_ip_test/sm_ip_test/OpIPSocketCtrl1|P26| |RVector|1|7|65.0|115.0|121.0|110.0|99.0|73.0|80.0|S-Function sfun_gen_async_ctrl|
106=asyncip_sl_1_sm_ip_test/sm_ip_test/OpIPSocketCtrl1|P27Size| |RVector|1|2|1.0|1.0|S-Function sfun_gen_async_ctrl|
107=asyncip_sl_1_sm_ip_test/sm_ip_test/OpIPSocketCtrl1|P27|0|Scalar|1|1|0.0|S-Function sfun_gen_async_ctrl|
nbParameters=108

[Signal]
0=asyncip_sl_1_sm_ip_test/OpCCode_do_not_touch/S-Function|NULL|0|1|1|1|S|Memory|
1=asyncip_sl_1_sm_ip_test/OpCCode_do_not_touch/Sum|NULL|1|1|1|1|S|Sum|
2=asyncip_sl_1_sm_ip_test/sm_ip_test/data ready 1 kHz|NULL|2|1|1|1|S|DiscretePulseGenerator|
3=asyncip_sl_1_sm_ip_test/sm_ip_test/Pulse Generator|NULL|3|1|1|1|S|DiscretePulseGenerator|
4=asyncip_sl_1_sm_ip_test/sm_ip_test/send message 1/S-Function2|NULL|4|1|1|1|S|S-Function sfun_send_async|
5=asyncip_sl_1_sm_ip_test/sm_ip_test/receive message 1/S-Function1|NULL|5|1|1|1|S|S-Function sfun_recv_async|
6=asyncip_sl_1_sm_ip_test/sm_ip_test/receive message 1/S-Function1|NULL|6|1|1|1|S|S-Function sfun_recv_async|
7=asyncip_sl_1_sm_ip_test/sm_ip_test/receive message 1/S-Function1|NULL|7|5|5|1|V|S-Function sfun_recv_async|
nbSignals=8

[ModelDataStructure]
0=blkStateChange
27=derivCacheNeedsReset
137=zCCacheNeedsReset

[dwork]
0=SFunction_PreviousInput|real_T|
4=clockTickCounter|int32_T|
5=clockTickCounter_c|int32_T|
6=SFunction_IWORK|IWORK|

[TimingStructure]
4=clockTick0
5=clockTick1
6=clockTickH0
7=clockTickH1
32=tFinal
74=offsetTimesArray
80=perTaskSampleHitsArray
96=sampleHitArray
100=sampleTimesArray
103=sampleTimeTaskIDArray
106=simTimeStep
108=tStart
109=stepSize
110=stepSize0
111=stepSize1
114=stopRequestedFlag
121=TaskCounters
125=tArray
139=timeOfLastOutput


[dummy]